------------------------------------------------------------
Timing Analyzer Summary
------------------------------------------------------------

Type  : Slow 1100mV 85C Model Setup 'CLOCK_50'
Slack : -4.641
TNS   : -4.641

Type  : Slow 1100mV 85C Model Setup 'avconf:cfg|mI2C_CTRL_CLK'
Slack : -2.687
TNS   : -127.001

Type  : Slow 1100mV 85C Model Hold 'CLOCK_50'
Slack : 0.218
TNS   : 0.000

Type  : Slow 1100mV 85C Model Hold 'avconf:cfg|mI2C_CTRL_CLK'
Slack : 0.316
TNS   : 0.000

Type  : Slow 1100mV 85C Model Minimum Pulse Width 'avconf:cfg|mI2C_CTRL_CLK'
Slack : -0.394
TNS   : -36.551

Type  : Slow 1100mV 85C Model Minimum Pulse Width 'driver|Audio_Clock|altpll_component|auto_generated|generic_pll1~FRACTIONAL_PLL|vcoph[0]'
Slack : 1.666
TNS   : 0.000

Type  : Slow 1100mV 85C Model Minimum Pulse Width 'CLOCK_50'
Slack : 8.746
TNS   : 0.000

Type  : Slow 1100mV 0C Model Setup 'CLOCK_50'
Slack : -4.579
TNS   : -4.579

Type  : Slow 1100mV 0C Model Setup 'avconf:cfg|mI2C_CTRL_CLK'
Slack : -2.615
TNS   : -121.817

Type  : Slow 1100mV 0C Model Hold 'CLOCK_50'
Slack : 0.203
TNS   : 0.000

Type  : Slow 1100mV 0C Model Hold 'avconf:cfg|mI2C_CTRL_CLK'
Slack : 0.290
TNS   : 0.000

Type  : Slow 1100mV 0C Model Minimum Pulse Width 'avconf:cfg|mI2C_CTRL_CLK'
Slack : -0.394
TNS   : -36.394

Type  : Slow 1100mV 0C Model Minimum Pulse Width 'driver|Audio_Clock|altpll_component|auto_generated|generic_pll1~FRACTIONAL_PLL|vcoph[0]'
Slack : 1.666
TNS   : 0.000

Type  : Slow 1100mV 0C Model Minimum Pulse Width 'CLOCK_50'
Slack : 8.736
TNS   : 0.000

Type  : Fast 1100mV 85C Model Setup 'CLOCK_50'
Slack : -3.856
TNS   : -3.856

Type  : Fast 1100mV 85C Model Setup 'avconf:cfg|mI2C_CTRL_CLK'
Slack : -1.319
TNS   : -55.657

Type  : Fast 1100mV 85C Model Hold 'CLOCK_50'
Slack : 0.135
TNS   : 0.000

Type  : Fast 1100mV 85C Model Hold 'avconf:cfg|mI2C_CTRL_CLK'
Slack : 0.135
TNS   : 0.000

Type  : Fast 1100mV 85C Model Minimum Pulse Width 'avconf:cfg|mI2C_CTRL_CLK'
Slack : 0.002
TNS   : 0.000

Type  : Fast 1100mV 85C Model Minimum Pulse Width 'driver|Audio_Clock|altpll_component|auto_generated|generic_pll1~FRACTIONAL_PLL|vcoph[0]'
Slack : 1.666
TNS   : 0.000

Type  : Fast 1100mV 85C Model Minimum Pulse Width 'CLOCK_50'
Slack : 8.782
TNS   : 0.000

Type  : Fast 1100mV 0C Model Setup 'CLOCK_50'
Slack : -3.331
TNS   : -3.331

Type  : Fast 1100mV 0C Model Setup 'avconf:cfg|mI2C_CTRL_CLK'
Slack : -1.162
TNS   : -47.345

Type  : Fast 1100mV 0C Model Hold 'avconf:cfg|mI2C_CTRL_CLK'
Slack : 0.104
TNS   : 0.000

Type  : Fast 1100mV 0C Model Hold 'CLOCK_50'
Slack : 0.123
TNS   : 0.000

Type  : Fast 1100mV 0C Model Minimum Pulse Width 'avconf:cfg|mI2C_CTRL_CLK'
Slack : 0.034
TNS   : 0.000

Type  : Fast 1100mV 0C Model Minimum Pulse Width 'driver|Audio_Clock|altpll_component|auto_generated|generic_pll1~FRACTIONAL_PLL|vcoph[0]'
Slack : 1.666
TNS   : 0.000

Type  : Fast 1100mV 0C Model Minimum Pulse Width 'CLOCK_50'
Slack : 8.777
TNS   : 0.000

------------------------------------------------------------
